         w __deregister_frame_info
         w __register_frame_info
         w userAppExit
         w userAppInit
00000000 00000802 B __ctru_dev_utf16_buf
00000000 A __sync_synchronize
00000000 b _TLS_MODULE_BASE_
00000000 a shift
00000804 00000401 B __ctru_dev_path_buf
00100000 A __start__
00100000 T _start
00100008 T __service_ptr
0010000c T __apt_appid
00100010 T __heap_size
00100014 T __linear_heap_size
00100018 T __system_arglist
0010001c T __system_runflags
00100020 t startup
00100058 t ClearMem
0010006c t ClrLoop
00100094 T _init
001000ac 00000004 W __aeabi_idiv0
001000ac 00000004 W __aeabi_ldiv0
001000c8 00000390 T strcmp
00100450 t .udivsi3_skip_div0_test
00100450 T __aeabi_uidiv
00100450 000001ec T __udivsi3
0010063c 00000020 T __aeabi_uidivmod
0010065c t __do_global_dtors_aux
001006ac t frame_dummy
001006d8 0000026c T main
00100944 00000028 T AttrInfo_Init
0010096c 00000094 T AttrInfo_AddLoader
00100a00 0000005c T AttrInfo_AddFixed
00100a5c 00000020 T C3D_GetAttrInfo
00100a7c 00000080 T C3Di_AttrInfoBind
00100afc 00000004 W C3Di_LightEnvUpdate
00100b00 00000004 W C3Di_LightEnvDirty
00100b04 00000004 W C3Di_ProcTexUpdate
00100b08 00000004 W C3Di_ProcTexDirty
00100b0c 000000b4 t C3Di_AptEventHook
00100bc0 00000004 W C3Di_GasUpdate
00100bc4 000001d0 T C3D_Init
00100d94 00000098 T C3D_SetViewport
00100e2c 000004e8 T C3Di_UpdateContext
00101314 000000e0 T C3Di_SplitFrame
001013f4 00000044 T C3D_Fini
00101438 00000194 T C3D_BindProgram
001015cc 00000050 T C3D_FixedAttribGetWritePtr
0010161c 00000024 T BufInfo_Init
00101640 00000080 T BufInfo_Add
001016c0 00000020 T C3D_GetBufInfo
001016e0 00000048 T C3Di_BufInfoBind
00101728 00000148 T C3D_DrawArrays
00101870 00000040 T C3D_DepthMap
001018b0 0000001c T C3D_CullFace
001018cc 00000040 T C3D_StencilTest
0010190c 00000024 T C3D_StencilOp
00101930 0000001c T C3D_BlendingColor
0010194c 00000024 T C3D_EarlyDepthTest
00101970 0000002c T C3D_DepthTest
0010199c 0000002c T C3D_AlphaTest
001019c8 00000050 T C3D_AlphaBlend
00101a18 00000030 T C3D_FragOpMode
00101a48 00000044 T C3D_FragOpShadow
00101a8c 000001ac T C3Di_EffectBind
00101c38 0000001c T C3D_CalcColorBufSize
00101c54 0000001c T C3D_CalcDepthBufSize
00101c70 00000044 T C3D_SetFrameBuf
00101cb4 0000016c T C3Di_FrameBufBind
00101e20 000000c8 T C3D_FrameBufClear
00101ee8 00000044 T C3D_FrameBufTransfer
00101f2c 000000a8 T C3D_ImmSendAttrib
00101fd4 0000004c t onVBlank0
00102020 0000004c t onVBlank1
0010206c 00000080 t C3Di_RenderTargetDestroy
001020ec 000000f4 t onQueueFinish
001021e0 00000038 T C3Di_RenderQueueEnableVBlank
00102218 00000030 T C3Di_RenderQueueDisableVBlank
00102248 00000060 T C3Di_RenderQueueInit
001022a8 000000b4 T C3Di_RenderQueueExit
0010235c 00000034 T C3Di_RenderQueueWaitDone
00102390 000000e8 T C3D_FrameBegin
00102478 00000048 T C3D_FrameDrawOn
001024c0 000001d0 T C3D_FrameEnd
00102690 00000170 T C3D_RenderTargetCreate
00102800 000000f0 T C3D_RenderTargetDelete
001028f0 000000a8 T C3D_RenderTargetSetOutput
00102998 00000034 T C3D_GetTexEnv
001029cc 00000024 T C3Di_TexEnvBind
001029f0 0000014c T C3Di_SetTex
00102b3c 00000290 T C3D_UpdateUniforms
00102dcc 000000c0 T C3Di_DirtyUniforms
00102e8c 000000d8 T C3Di_LoadShaderUniforms
00102f64 00000028 T C3Di_ClearShaderUniforms
00102f8c 00000024 t addrMapNodeComparator(rbtree_node const*, rbtree_node const*)
00102fb0 00000004 t addrMapNodeDestructor(rbtree_node*)
00102fb4 0000012c T linearMemAlign
001030e0 00000008 T linearAlloc
001030e8 0000005c T linearFree
00103144 00000088 T MemPool::CoalesceRight(MemBlock*)
001031cc 00000178 T MemPool::Allocate(MemChunk&, unsigned long, int)
00103344 00000118 T MemPool::Deallocate(MemChunk const&)
0010345c 00000030 T MemPool::GetFreeSpace()
0010348c 00000024 t addrMapNodeComparator(rbtree_node const*, rbtree_node const*)
001034b0 00000004 t addrMapNodeDestructor(rbtree_node*)
001034b4 00000248 T vramMemAlignAt
001036fc 0000000c T vramAlloc
00103708 0000000c T vramAllocAt
00103714 00000094 T vramFree
001037a8 000000cc t gfxPresentFramebuffer
00103874 000000f8 T gfxSetScreenFormat
0010396c 000000d8 T gfxInit
00103a44 00000010 T gfxInitDefault
00103a54 000000b8 T gfxExit
00103b0c 000000a0 T gfxGetFramebuffer
00103bac 00000028 T gfxScreenSwapBuffers
00103bd4 00000074 T osConvertVirtToPhys
00103c48 00000034 T __ctru_speedup_config
00103c7c 0000013c T GPUCMD_Add
00103db8 000000b0 T GPUCMD_Split
00103e68 00000034 T f32tof16
00103e9c 00000034 T f32tof24
00103ed0 00000038 T f32tof31
00103f08 00000010 T GX_BindQueue
00103f18 0000007c T GX_ProcessCommandList
00103f94 00000074 T GX_MemoryFill
00104008 00000074 T GX_DisplayTransfer
0010407c 00000064 t gxCmdQueueDoCommands.part.0
001040e0 000000e4 T gxCmdQueueInterrupt
001041c4 00000068 T gxCmdQueueClear
0010422c 00000108 T gxCmdQueueAdd
00104334 00000080 T gxCmdQueueRun
001043b4 00000064 T gxCmdQueueStop
00104418 000000ac T gxCmdQueueWait
001044c4 000001e0 T shaderInstanceInit
001046a4 0000001c T shaderProgramInit
001046c0 00000074 T shaderProgramFree
00104734 00000094 T shaderProgramSetVsh
001047c8 000008d0 T shaderProgramConfigure
00105098 000001dc t DVLE_GenerateOutmap.part.0
00105274 000001ac T DVLB_ParseFile
00105420 00000050 T DVLB_Free
00105470 00000180 t aptConvertScreenForCapture
001055f0 00000008 W aptDspSleep
001055f8 00000004 W aptDspWakeup
001055fc 00000004 W aptDspCancel
00105600 00000138 T aptSendCommand
00105738 00000044 t aptExitProcess
0010577c 00000394 T aptExit
00105b10 000000d8 T aptHandleSleep
00105be8 00000034 T aptHook
00105c1c 00000030 T aptUnhook
00105c4c 00000084 T APT_SleepIfShellClosed
00105cd0 00000078 T aptSetSleepAllowed
00105d48 00000084 T APT_UnlockTransition
00105dd0 00000470 t aptEventHandler
00106240 000000bc T APT_ReceiveParameter
001062fc 000000b0 t aptReceiveParameter.constprop.0
001063b0 00000294 t aptScreenTransfer
00106644 000002d0 t aptWaitForWakeUp.isra.0
00106914 000000f4 T aptJumpToHomeMenu
00106a08 00000058 T aptMainLoop
00106a60 00000240 T aptInit
00106ca0 00000090 T APT_CheckNew3DS
00106d30 00000c70 t gspHardwareInit
001079a0 00000288 T gspInit
00107c28 00000104 T gspExit
00107d2c 00000010 T gspHasGpuRight
00107d3c 000000a4 T gspPresentBuffer
00107de0 00000030 T gspSetEventCallback
00107e10 00000050 T gspWaitForEvent
00107e60 0000004c T gspWaitForAnyEvent
00107eac 00000154 t gspEventThreadMain
00108000 0000012c T gspSubmitGxCommand
0010812c 00000050 T GSPGPU_FlushDataCache
0010817c 00000034 T GSPGPU_SetLcdForceBlack
001081b0 00000084 T GSPGPU_AcquireRight
00108234 00000064 T GSPGPU_ReleaseRight
00108298 0000007c T GSPGPU_ImportDisplayCaptureInfo
00108314 0000002c T GSPGPU_SaveVramSysArea
00108340 0000002c T GSPGPU_RestoreVramSysArea
0010836c 00000024 W hidShouldUseIrrst
00108390 000001cc T hidInit
0010855c 000000e8 T hidExit
00108644 000002a0 T hidScanInput
001088e4 00000010 T hidKeysDown
001088f4 000001a4 T irrstInit
00108a98 000000dc T irrstExit
00108b74 000000b4 T irrstScanInput
00108c28 00000024 T irrstKeysHeld
00108c4c 00000078 T ptmSysmInit
00108cc4 0000003c T ptmSysmExit
00108d00 00000034 T PTMSYSM_ConfigureNew3DSCPU
00108d34 00000074 T rbtree_find
00108da8 00000010 T rbtree_init
00108db8 00000198 t do_insert
00108f50 00000008 T rbtree_insert
00108f58 00000310 T rbtree_remove
00109268 00000090 T rbtree_rotate
001092f8 000001e8 W __system_allocateHeaps
001094e0 00000038 W __libctru_init
00109518 0000016c W __system_initArgv
00109684 00000030 T __syscall_getreent
001096b4 00000004 T __syscall_lock_acquire_recursive
001096b8 00000004 T __syscall_lock_release_recursive
001096bc 00000004 T __syscall_exit
001096c0 00000054 T initThreadVars
00109714 00000080 T __system_initSyscalls
00109794 T svcControlMemory
001097b4 T svcQueryMemory
001097e4 T svcExitProcess
001097ec T svcCreateThread
0010980c T svcExitThread
00109814 T svcSleepThread
0010981c T svcReleaseMutex
00109824 T svcCreateEvent
00109838 T svcSignalEvent
00109840 T svcClearEvent
00109848 T svcMapMemoryBlock
00109850 T svcUnmapMemoryBlock
00109858 T svcCreateAddressArbiter
0010986c T svcArbitrateAddressNoTimeout
00109874 T svcCloseHandle
0010987c T svcWaitSynchronization
00109884 T svcWaitSynchronizationN
001098ac T svcDuplicateHandle
001098c0 T svcGetSystemTick
001098c8 T svcConnectToPort
001098dc T svcSendSyncRequest
001098e4 T svcGetResourceLimit
001098f8 T svcGetResourceLimitLimitValues
00109900 T svcGetResourceLimitCurrentValues
00109908 T svcBreak
00109910 W initSystem
00109960 W __ctru_exit
00109974 0000008c W envGetHandle
00109a00 00000050 W envDestroyHandles
00109a50 00000164 T srvInit
00109bb4 00000064 T srvExit
00109c18 00000060 T srvEnableNotification
00109c78 000000a0 T srvGetServiceHandleDirect
00109d18 00000048 T srvGetServiceHandle
00109d60 00000034 T srvSubscribe
00109d94 00000060 T srvReceiveNotification
00109df4 00000038 T srvPublishToSubscriber
00109e2c 0000000c T __sync_init
00109e38 00000018 T __sync_fini
00109e50 00000028 T syncArbitrateAddress
00109e78 000000ac T LightLock_Lock
00109f24 00000040 T LightLock_Unlock
00109f64 00000054 T RecursiveLock_Lock
00109fb8 00000054 T RecursiveLock_Unlock
0010a00c 00000044 T LightEvent_Init
0010a050 000000b8 T LightEvent_Clear
0010a108 000000dc T LightEvent_Signal
0010a1e4 00000050 T LightEvent_TryWait
0010a234 000000ac T LightEvent_Wait
0010a2e0 000001fc T threadCreate
0010a4dc 00000038 T threadFree
0010a514 00000024 T threadJoin
0010a538 00000030 T threadGetCurrent
0010a568 00000040 T threadExit
0010a5a8 00000020 t _thread_begin
0010a5c8 00000090 t mappableFindAddressWithin
0010a658 00000028 T mappableInit
0010a680 0000007c T mappableAlloc
0010a6fc 00000004 T mappableFree
0010a700 0000000c T srvPmGetSessionHandle
0010a70c 00000060 T rbtree_node_next
0010a76c 00000030 W __appExit
0010a79c 00000030 W __appInit
0010a7cc 00000090 W __libctru_exit
0010a85c 00000024 t error_cmp
0010a880 00000050 t archive_translate_error
0010a8d0 000000c0 t archive_seek
0010a990 00000078 t _archiveInit.part.0
0010aa08 00000110 t archiveFindDevice.part.0
0010ab18 00000298 t archive_utf16path
0010adb0 00000098 t _archiveUnmountDeviceStruct.part.0
0010ae48 00000178 t _archiveMountDevice
0010afc0 000000f8 t archive_diropen
0010b0b8 000000ac t archive_fstat
0010b164 00000074 t archive_fsync
0010b1d8 00000074 t archive_close
0010b24c 00000078 t archive_dirclose
0010b2c4 000000ec t sdmc_statvfs
0010b3b0 000000f8 t archive_chdir
0010b4a8 0000008c t archive_ftruncate
0010b534 000000bc t archive_read
0010b5f0 000000a8 t archive_unlink
0010b698 000000c0 t archive_rmdir
0010b758 000000d8 t archive_mkdir
0010b830 000001a0 t archive_stat
0010b9d0 00000164 t archive_dirnext
0010bb34 0000013c t archive_write
0010bc70 00000254 t archive_open
0010bec4 00000270 t archive_rename
0010c134 000001c8 T archiveMountSdmc
0010c2fc 00000054 T archiveUnmountAll
0010c350 00000104 T fsInit
0010c454 0000003c T fsExit
0010c490 00000068 T fsExemptFromSession
0010c4f8 00000050 T fsUnexemptFromSession
0010c548 000000cc T FSUSER_OpenFile
0010c614 000000b8 T FSUSER_DeleteFile
0010c6cc 000000f4 T FSUSER_RenameFile
0010c7c0 000000b8 T FSUSER_DeleteDirectory
0010c878 000000d0 T FSUSER_CreateFile
0010c948 000000c0 T FSUSER_CreateDirectory
0010ca08 000000f4 T FSUSER_RenameDirectory
0010cafc 000000b4 T FSUSER_OpenDirectory
0010cbb0 00000090 T FSUSER_OpenArchive
0010cc40 0000008c T FSUSER_CloseArchive
0010cccc 00000074 T FSUSER_GetSdmcArchiveResource
0010cd40 00000064 T FSUSER_IsSdmcWritable
0010cda4 00000064 T FSFILE_Read
0010ce08 0000006c T FSFILE_Write
0010ce74 00000044 T FSFILE_GetSize
0010ceb8 00000028 T FSFILE_SetSize
0010cee0 0000003c T FSFILE_Close
0010cf1c 00000024 T FSFILE_Flush
0010cf40 00000060 T FSDIR_Read
0010cfa0 0000003c T FSDIR_Close
0010cfdc 00000140 T decode_utf8
0010d11c 000000e8 T utf16_to_utf8
0010d204 000000c0 T utf8_to_utf16
0010d2c4 T __aeabi_read_tp
0010d2d0 00000054 T decode_utf16
0010d324 00000054 T encode_utf16
0010d378 000000e0 T encode_utf8
0010d458 000000e4 T strncat
0010d53c 00000128 T memcpy
0010d664 0000008c T strlen
0010d6f0 00000078 T bsearch
0010d768 00000028 T memalign
0010d790 000001ec t _strtoul_l.isra.0
0010d97c 0000003c T strtoul
0010d9b8 00000028 T calloc
0010d9e0 0000016c T _memalign_r
0010db4c 0000000c T __errno
0010db58 000000e4 T memset
0010dc3c 000000d8 T _calloc_r
0010dd14 0000082c T _malloc_r
0010e540 00000114 T _malloc_trim_r
0010e654 00000314 T _free_r
0010e968 00000084 T __libc_init_array
0010e9ec 000000d4 T strncpy
0010eac0 00000040 T malloc
0010eb00 00000020 T free
0010eb20 0000000c T __malloc_lock
0010eb2c 0000000c T __malloc_unlock
0010eb38 00000004 W __call_exitprocs
0010eb3c 00000030 T exit
0010eb6c 0000003c T __libc_fini_array
0010eba8 0000003c T strnlen
0010ebe4 000000d8 T strncmp
0010ecbc 00000020 T _exit
0010ecdc 00000140 T chdir
0010ee1c 000001c8 T _concatenate_path
0010efe4 0000002c T __getreent
0010f010 00000008 t null_write
0010f018 00000018 T setDefaultDevice
0010f030 00000098 T FindDevice
0010f0c8 00000024 T RemoveDevice
0010f0ec 00000088 T AddDevice
0010f174 00000020 T GetDeviceOpTab
0010f194 00000078 W _sbrk_r
0010f20c 0000001c T __libc_lock_acquire_recursive
0010f228 0000001c T __libc_lock_release_recursive
0010f244 00000140 T strchr
0010f384 00000048 T strrchr
0010f3cc T _fini
00110000 00000024 r vertices
00110030 R triangle_shbin
00110108 00000004 r depthFmtSizes
00110108 R triangle_shbin_end
0011010c 00000005 r colorFmtSizes
00110138 00000008 r morton_y.2
00110140 00000008 r morton_x.3
00110148 00000008 r s_sleepWakeEvents.4
001101dc 0000000c r serviceNameTable.5
001101e8 00000030 r error_table
00110218 00000080 r archive_devoptab
00110298 00000101 R _ctype_
0011039c 00000080 R dotab_stdnull
0011041c R __tdata_align
00110420 r __EH_FRAME_BEGIN__
00110420 R __exidx_end
00110420 R __exidx_start
00111000 00000008 d framerateCounter
00111008 00000004 d framerate
0011100c 00000004 d queueLock
00111010 00000004 d aptChainloadDeliverArgSize
00111014 00000004 d kCount
00111018 00000004 d kInterval
0011101c 00000004 d kDelay
00111020 W __stacksize__
00111024 00000004 D _impure_ptr
00111028 00000200 D _impure_data
00111228 00000004 D __malloc_sbrk_base
0011122c 00000004 D __malloc_trim_threshold
00111230 00000408 D __malloc_av_
00111638 00000400 d _current_working_directory
00111a38 0000008c D devoptab_list
00111ac4 00000004 d defaultDevice
00111ad0 d _GLOBAL_OFFSET_TABLE_
00111adc d __frame_dummy_init_array_entry
00111adc D __init_array_start
00111adc B __preinit_array_end
00111adc B __preinit_array_start
00111adc D __tdata_lma
00111adc D __tdata_lma_end
00111ae0 d __do_global_dtors_aux_fini_array_entry
00111ae0 D __fini_array_start
00111ae0 D __init_array_end
00111ae4 D __bss_start__
00111ae4 D __fini_array_end
00111ae4 00000004 b vertexShader
00111ae8 00000014 b program
00111afc 00000004 b vertexBuffer
00111b00 b completed.1
00111b04 b object.0
00111b1c 0000000c b hookCookie
00111b28 000002d0 B __C3D_Context
00111df8 00000004 b frameEndCbData
00111dfc 00000004 b frameEndCb
00111e00 00000008 b frameCounter
00111e08 00000001 b isTopStereo
00111e09 00000001 b needSwapBot
00111e0a 00000001 b needSwapTop
00111e0b 00000001 b measureGpuTime
00111e0c 00000001 b inSafeTransfer
00111e0d 00000001 b inFrame
00111e10 00000010 b cpuTime
00111e20 00000010 b gpuTime
00111e30 0000000c b linkedTarget
00111e3c 00000004 b lastTarget
00111e40 00000004 b firstTarget
00111e44 00000008 b C3Di_IVUnifEverDirty
00111e4c 000000c0 b C3Di_FVUnifEverDirty
00111f0c 00000018 b C3Di_ShaderFVecData
00111f24 00000002 B C3D_BoolUnifsDirty
00111f28 00000008 B C3D_IVUnifDirty
00111f30 000000c0 B C3D_FVUnifDirty
00111ff0 00000004 B C3D_BoolUnifs
00111ff4 00000020 B C3D_IVUnif
00112014 00000c00 B C3D_FVUnif
00112c18 00000008 b sLinearPool
00112c20 0000000c b sAddrMap
00112c30 00000008 b sVramPoolB
00112c38 00000008 b sVramPoolA
00112c40 0000000c b sAddrMap
00112c4c 00000004 b screenAlloc
00112c50 00000004 b screenFree
00112c54 00000002 b gfxIsDoubleBuf
00112c58 00000002 b gfxCurBuf
00112c5a 00000001 b gfxIsVram
00112c5b 00000001 b gfxTopMode
00112c5c 00000002 b gfxFramebufferFormats
00112c60 00000004 b gfxBottomFramebufferMaxSize
00112c64 00000004 b gfxTopFramebufferMaxSize
00112c68 00000008 b gfxBottomFramebuffers
00112c70 00000008 b gfxTopFramebuffers
00112c78 00000001 V __ctru_speedup
00112c7c 00000004 B gpuCmdBufOffset
00112c80 00000004 B gpuCmdBufSize
00112c84 00000004 B gpuCmdBuf
00112c88 00000004 b boundQueue
00112c8c 00000001 b shouldStop
00112c8d 00000001 b isRunning
00112c8e 00000001 b isActive
00112c90 00000004 b curQueue
00112c94 00000001 b flagValue.0
00112c95 00000001 b flagInit.1
00112c98 00000004 b serviceName.6
00112c9c 00000001 b aptChainloadFlags
00112c9d 00000001 b aptChainloadMediatype
00112ca0 00000020 b aptChainloadHmac
00112cc0 00000300 b aptChainloadDeliverArg
00112fc0 00000008 b aptChainloadTid
00112fc8 00001000 b aptParameters
00113fc8 00000004 b aptFlags
00113fcc 00000001 b aptHomeButtonState
00113fd0 00000004 b aptMessageFuncData
00113fd4 00000004 b aptMessageFunc
00113fd8 0000000c b aptFirstHook
00113fe4 00000001 b aptEventHandlerThreadQuit
00113fe8 00000004 b aptEventHandlerThread
00113fec 00000008 b aptSleepEvent
00113ff4 00000008 b aptReceiveEvent
00113ffc 00000008 b aptEvents
00114004 00000004 b aptLockHandle
00114008 00000004 b aptRefCount
0011400c 00000007 b gspEventCbOneShot
00114014 0000001c b gspEventCbData
00114030 0000001c b gspEventCb
0011404c 00000038 b gspEvents
00114084 00000004 b gspLastEvent
00114088 00000001 b gspRunEvents
0011408c 00000004 b gspEventThread
00114090 00000004 b gspEvent
00114094 00000001 b gspGpuRight
00114095 00000001 b gspThreadId
00114098 00000004 b gspSharedMem
0011409c 00000004 b gspSharedMemHandle
001140a0 00000004 b gspRefCount
001140a4 00000004 b gspGpuHandle
001140a8 00000001 b usingIrrst
001140ac 00000004 b hidRefCount
001140b0 00000006 b gRate
001140b8 00000006 b aVec
001140c0 00000004 b cPos
001140c4 00000004 b tPos
001140c8 00000004 b kRepeat
001140cc 00000004 b kUp
001140d0 00000004 b kDown
001140d4 00000004 b kHeld
001140d8 00000004 b kOld
001140dc 00000004 B hidSharedMem
001140e0 00000014 B hidEvents
001140f4 00000004 B hidMemHandle
001140f8 00000004 B hidHandle
001140fc 00000004 b irrstRefCount
00114100 00000004 b csPos
00114104 00000004 b kHeld
00114108 00000004 B irrstSharedMem
0011410c 00000004 B irrstEvent
00114110 00000004 B irrstMemHandle
00114114 00000004 B irrstHandle
00114118 00000004 b ptmSysmRefCount
0011411c 00000004 b ptmSysmHandle
00114120 00000004 V __ctru_linear_heap_size
00114124 00000004 V __ctru_heap_size
00114128 00000004 B __ctru_linear_heap
0011412c 00000004 B __ctru_heap
00114130 00000004 B __system_retAddr
00114134 00000004 B __system_argv
00114138 00000004 B __system_argc
0011413c b saved_stack
00114144 00000004 B __3dslink_host
00114148 00000004 b srvRefCount
0011414c 00000004 b srvHandle
00114150 00000004 b arbiter
00114154 00000004 b currentAddr
00114158 00000004 b maxAddr
0011415c 00000004 b minAddr
00114160 00000004 b srvPmHandle
00114168 000005c0 b archive_devices
00114728 00000004 b archive_device_cwd
0011472c 00000001 b archive_initialized
00114730 00000080 b fsExemptArchives
001147b0 00000004 b fsuRefCount
001147b4 00000004 b fsuHandle
001147b8 00000028 B __malloc_current_mallinfo
001147e0 00000004 B __malloc_max_total_mem
001147e4 00000004 B __malloc_max_sbrked_mem
001147e8 00000004 B __malloc_top_pad
001147f0 00000168 B __sf
00114958 00000004 B __stdio_exit_handler
0011495c 0000000c b __malloc_recursive_mutex
00114968 00000400 b temp_cwd
00114d68 00000004 B fake_heap_start
00114d6c 00000004 B fake_heap_end
00114d70 00000004 b heap_start.0
00114d74 B __tls_start
0011597c B __bss_end__
0011597c A __end__
0011597c B __tls_end
